GET /api/currencies error: TypeError: fetch failed
    at node:internal/deps/undici/undici:16416:13
    at async d:\GECOM\GECOM_NODE\GECOM_NODE\gecom-node\routes\currenciesApi.js:42:22 {
  [cause]: SocketError: other side closed
      at Socket.onHttpSocketEnd (node:internal/deps/undici/undici:7611:26)
      at Socket.emit (node:events:520:35)
      at endReadableNT (node:internal/streams/readable:1701:12)
      at process.processTicksAndRejections (node:internal/process/task_queues:89:21) {
    code: 'UND_ERR_SOCKET',
    socket: {
      localAddress: '::1',
      localPort: 62607,
      remoteAddress: '::1',
      remotePort: 3000,
      remoteFamily: 'IPv6',
      timeout: undefined,
      bytesWritten: 620,
      bytesRead: 0
    }
  }
}
GET /api/me/access error: TypeError: fetch failed
    at node:internal/deps/undici/undici:16416:13
    at async d:\GECOM\GECOM_NODE\GECOM_NODE\gecom-node\routes\usersApi.js:410:22 {
  [cause]: SocketError: other side closed
      at Socket.onHttpSocketEnd (node:internal/deps/undici/undici:7611:26)
      at Socket.emit (node:events:520:35)
      at endReadableNT (node:internal/streams/readable:1701:12)
      at process.processTicksAndRejections (node:internal/process/task_queues:89:21) {
    code: 'UND_ERR_SOCKET',
    socket: {
      localAddress: '::1',
      localPort: 62884,
      remoteAddress: '::1',
      remotePort: 3000,
      remoteFamily: 'IPv6',
      timeout: undefined,
      bytesWritten: 607,
      bytesRead: 0
    }
  }
}
GET /api/me/access error: TypeError: fetch failed
    at node:internal/deps/undici/undici:16416:13
    at async d:\GECOM\GECOM_NODE\GECOM_NODE\gecom-node\routes\usersApi.js:410:22 {
  [cause]: SocketError: other side closed
      at Socket.onHttpSocketEnd (node:internal/deps/undici/undici:7611:26)
      at Socket.emit (node:events:520:35)
      at endReadableNT (node:internal/streams/readable:1701:12)
      at process.processTicksAndRejections (node:internal/process/task_queues:89:21) {
    code: 'UND_ERR_SOCKET',
    socket: {
      localAddress: '::1',
      localPort: 62885,
      remoteAddress: '::1',
      remotePort: 3000,
      remoteFamily: 'IPv6',
      timeout: undefined,
      bytesWritten: 607,
      bytesRead: 0
    }
  }
}
AxiosError: read ECONNRESET
    at AxiosError.from (d:\GECOM\GECOM_NODE\GECOM_NODE\gecom-node\node_modules\axios\dist\node\axios.cjs:914:14)
    at RedirectableRequest.handleRequestError (d:\GECOM\GECOM_NODE\GECOM_NODE\gecom-node\node_modules\axios\dist\node\axios.cjs:3515:25)
    at RedirectableRequest.emit (node:events:520:35)
    at eventHandlers.<computed> (d:\GECOM\GECOM_NODE\GECOM_NODE\gecom-node\node_modules\follow-redirects\index.js:49:24)
    at ClientRequest.emit (node:events:508:28)
    at emitErrorEvent (node:_http_client:108:11)
    at Socket.socketErrorListener (node:_http_client:575:5)
    at Socket.emit (node:events:508:28)
    at emitErrorNT (node:internal/streams/destroy:170:8)
    at emitErrorCloseNT (node:internal/streams/destroy:129:3)
    at Axios.request (d:\GECOM\GECOM_NODE\GECOM_NODE\gecom-node\node_modules\axios\dist\node\axios.cjs:4731:41)
    at process.processTicksAndRejections (node:internal/process/task_queues:103:5)
    at async d:\GECOM\GECOM_NODE\GECOM_NODE\gecom-node\services\apiProxy.js:123:27 {
  syscall: 'read',
  code: 'ECONNRESET',
  errno: -4077,
  config: {
    transitional: {
      silentJSONParsing: true,
      forcedJSONParsing: true,
      clarifyTimeoutError: false
    },
    adapter: [ 'xhr', 'http', 'fetch' ],
    transformRequest: [ [Function: transformRequest] ],
    transformResponse: [ [Function: transformResponse] ],
    timeout: 10000,
    xsrfCookieName: 'XSRF-TOKEN',
    xsrfHeaderName: 'X-XSRF-TOKEN',
    maxContentLength: -1,
    maxBodyLength: -1,
    env: { FormData: [Function], Blob: [class Blob] },
    validateStatus: [Function: validateStatus],
    headers: Object [AxiosHeaders] {
      Accept: 'application/json, text/plain, */*',
      'Content-Type': 'application/json',
      Cookie: 'gecom_lang=pt-BR; access_token=eyJhbGciOiJIUzI1NiIsInR5cCI6IkpXVCJ9.eyJzdWIiOiJmNzBkMmUwMS05NzIwLTRhYjctYmE2Zi05ZmE5MTRjMDIxYzIiLCJlbWFpbCI6ImdnaGVyYXJkaTk3QGdtYWlsLmNvbSIsInJvbGUiOiJBRE1JTiIsInRlbmFudF9pZCI6IjQ3NTkxY2I0LTgzZTUtNDgyMy1iZWY3LThjYWY0MzFhZmJjMyIsImNvbXBhbnlfaWQiOiJkMDg4M2MyZS00OTc0LTRiNzEtYmRmNC1hMzUyODEwOTc2OWIiLCJpYXQiOjE3NzQyNzc4ODgsImV4cCI6MTc3NDI4MTQ4OH0.bpZZUp8x8YS8UeLsByRM5se64VxBe6B0mGDkOOwjuf8; refresh_token=eyJhbGciOiJIUzI1NiIsInR5cCI6IkpXVCJ9.eyJzdWIiOiJmNzBkMmUwMS05NzIwLTRhYjctYmE2Zi05ZmE5MTRjMDIxYzIiLCJlbWFpbCI6ImdnaGVyYXJkaTk3QGdtYWlsLmNvbSIsInJvbGUiOiJBRE1JTiIsInRlbmFudF9pZCI6IjQ3NTkxY2I0LTgzZTUtNDgyMy1iZWY3LThjYWY0MzFhZmJjMyIsImNvbXBhbnlfaWQiOiJkMDg4M2MyZS00OTc0LTRiNzEtYmRmNC1hMzUyODEwOTc2OWIiLCJpYXQiOjE3NzQyNzc4ODgsImV4cCI6MTc3NDg4MjY4OH0.H-LmBMu28M24MCkfa63TshgU2tSoubiny0PBPatq5E4',
      'User-Agent': 'axios/1.13.2',
      'Accept-Encoding': 'gzip, compress, deflate, br'
    },
    baseURL: 'http://localhost:3000/api',
    withCredentials: true,
    method: 'get',
    url: '/me/modules',
    params: {},
    allowAbsoluteUrls: true,
    data: undefined
  },
  request: <ref *1> Writable {
    _events: {
      close: undefined,
      error: [Function: handleRequestError],
      prefinish: undefined,
      finish: undefined,
      drain: undefined,
      response: [Function: handleResponse],
      socket: [Array],
      timeout: undefined,
      abort: undefined
    },
    _writableState: WritableState {
      highWaterMark: 16384,
      length: 0,
      corked: 0,
      onwrite: [Function: bound onwrite],
      writelen: 0,
      bufferedIndex: 0,
      pendingcb: 0,
      Symbol(kState): 17580812,
      Symbol(kBufferedValue): null
    },
    _maxListeners: undefined,
    _options: {
      maxRedirects: 21,
      maxBodyLength: Infinity,
      protocol: 'http:',
      path: '/api/me/modules',
      method: 'GET',
      headers: [Object: null prototype],
      agents: [Object],
      auth: undefined,
      family: undefined,
      beforeRedirect: [Function: dispatchBeforeRedirect],
      beforeRedirects: [Object],
      http2Options: undefined,
      hostname: 'localhost',
      port: '3000',
      agent: undefined,
      nativeProtocols: [Object],
      pathname: '/api/me/modules'
    },
    _ended: true,
    _ending: true,
    _redirectCount: 0,
    _redirects: [],
    _requestBodyLength: 0,
    _requestBodyBuffers: [],
    _eventsCount: 3,
    _onNativeResponse: [Function (anonymous)],
    _currentRequest: ClientRequest {
      _events: [Object: null prototype],
      _eventsCount: 7,
      _maxListeners: undefined,
      outputData: [],
      outputSize: 0,
      writable: true,
      destroyed: false,
      _last: true,
      chunkedEncoding: false,
      shouldKeepAlive: true,
      maxRequestsOnConnectionReached: false,
      _defaultKeepAlive: true,
      useChunkedEncodingByDefault: false,
      sendDate: false,
      _removedConnection: false,
      _removedContLen: false,
      _removedTE: false,
      strictContentLength: false,
      _contentLength: 0,
      _hasBody: true,
      _trailer: '',
      finished: true,
      _headerSent: true,
      _closed: false,
      _header: 'GET /api/me/modules HTTP/1.1\r\n' +
        'Accept: application/json, text/plain, */*\r\n' +
        'Content-Type: application/json\r\n' +
        'Cookie: gecom_lang=pt-BR; access_token=eyJhbGciOiJIUzI1NiIsInR5cCI6IkpXVCJ9.eyJzdWIiOiJmNzBkMmUwMS05NzIwLTRhYjctYmE2Zi05ZmE5MTRjMDIxYzIiLCJlbWFpbCI6ImdnaGVyYXJkaTk3QGdtYWlsLmNvbSIsInJvbGUiOiJBRE1JTiIsInRlbmFudF9pZCI6IjQ3NTkxY2I0LTgzZTUtNDgyMy1iZWY3LThjYWY0MzFhZmJjMyIsImNvbXBhbnlfaWQiOiJkMDg4M2MyZS00OTc0LTRiNzEtYmRmNC1hMzUyODEwOTc2OWIiLCJpYXQiOjE3NzQyNzc4ODgsImV4cCI6MTc3NDI4MTQ4OH0.bpZZUp8x8YS8UeLsByRM5se64VxBe6B0mGDkOOwjuf8; refresh_token=eyJhbGciOiJIUzI1NiIsInR5cCI6IkpXVCJ9.eyJzdWIiOiJmNzBkMmUwMS05NzIwLTRhYjctYmE2Zi05ZmE5MTRjMDIxYzIiLCJlbWFpbCI6ImdnaGVyYXJkaTk3QGdtYWlsLmNvbSIsInJvbGUiOiJBRE1JTiIsInRlbmFudF9pZCI6IjQ3NTkxY2I0LTgzZTUtNDgyMy1iZWY3LThjYWY0MzFhZmJjMyIsImNvbXBhbnlfaWQiOiJkMDg4M2MyZS00OTc0LTRiNzEtYmRmNC1hMzUyODEwOTc2OWIiLCJpYXQiOjE3NzQyNzc4ODgsImV4cCI6MTc3NDg4MjY4OH0.H-LmBMu28M24MCkfa63TshgU2tSoubiny0PBPatq5E4\r\n' +
        'User-Agent: axios/1.13.2\r\n' +
        'Accept-Encoding: gzip, compress, deflate, br\r\n' +
        'Host: localhost:3000\r\n' +
        'Connection: keep-alive\r\n' +
        '\r\n',
      _keepAliveTimeout: 0,
      _onPendingData: [Function: nop],
      agent: [Agent],
      socketPath: undefined,
      method: 'GET',
      maxHeaderSize: undefined,
      insecureHTTPParser: undefined,
      joinDuplicateHeaders: undefined,
      path: '/api/me/modules',
      _ended: false,
      res: null,
      aborted: false,
      timeoutCb: [Function: emitRequestTimeout],
      upgradeOrConnect: false,
      parser: null,
      maxHeadersCount: null,
      reusedSocket: false,
      host: 'localhost',
      protocol: 'http:',
      _redirectable: [Circular *1],
      Symbol(shapeMode): false,
      Symbol(kCapture): false,
      Symbol(kBytesWritten): 0,
      Symbol(kNeedDrain): false,
      Symbol(corked): 0,
      Symbol(kChunkedBuffer): [],
      Symbol(kChunkedLength): 0,
      Symbol(kSocket): [Socket],
      Symbol(kOutHeaders): [Object: null prototype],
      Symbol(errored): null,
      Symbol(kHighWaterMark): 16384,
      Symbol(kRejectNonStandardBodyWrites): false,
      Symbol(kUniqueHeaders): null
    },
    _currentUrl: 'http://localhost:3000/api/me/modules',
    _timeout: null,
    Symbol(shapeMode): true,
    Symbol(kCapture): false
  },
  [cause]: Error: read ECONNRESET
      at TCP.onStreamRead (node:internal/stream_base_commons:216:20) {
    errno: -4077,
    code: 'ECONNRESET',
    syscall: 'read'
  }
}
[externalAccess] failed to resolve context: fetch failed
GET /api/admin/menu proxy error: TypeError: fetch failed
    at node:internal/deps/undici/undici:16416:13
    at async proxyAdmin (d:\GECOM\GECOM_NODE\GECOM_NODE\gecom-node\routes\adminApi.js:36:22) {
  [cause]: Error: read ECONNRESET
      at TCP.onStreamRead (node:internal/stream_base_commons:216:20) {
    errno: -4077,
    code: 'ECONNRESET',
    syscall: 'read'
  }
}
GET /api/admin/theme proxy error: TypeError: fetch failed
    at node:internal/deps/undici/undici:16416:13
    at async proxyAdmin (d:\GECOM\GECOM_NODE\GECOM_NODE\gecom-node\routes\adminApi.js:36:22) {
  [cause]: Error: read ECONNRESET
      at TCP.onStreamRead (node:internal/stream_base_commons:216:20) {
    errno: -4077,
    code: 'ECONNRESET',
    syscall: 'read'
  }
}
GET /api/users/:id/profile-picture error: TypeError: fetch failed
    at node:internal/deps/undici/undici:16416:13
    at async d:\GECOM\GECOM_NODE\GECOM_NODE\gecom-node\routes\usersApi.js:444:22 {
  [cause]: Error: read ECONNRESET
      at TCP.onStreamRead (node:internal/stream_base_commons:216:20) {
    errno: -4077,
    code: 'ECONNRESET',
    syscall: 'read'
  }
}
GET /api/notifications/admin error: TypeError: fetch failed
    at node:internal/deps/undici/undici:16416:13
    at async d:\GECOM\GECOM_NODE\GECOM_NODE\gecom-node\routes\notificationsApi.js:73:22 {
  [cause]: Error: read ECONNRESET
      at TCP.onStreamRead (node:internal/stream_base_commons:216:20) {
    errno: -4077,
    code: 'ECONNRESET',
    syscall: 'read'
  }
}
GET /api/automations error: TypeError: fetch failed
    at node:internal/deps/undici/undici:16416:13
    at async proxyJson (d:\GECOM\GECOM_NODE\GECOM_NODE\gecom-node\routes\automationsApi.js:53:20)
    at async d:\GECOM\GECOM_NODE\GECOM_NODE\gecom-node\routes\automationsApi.js:69:12 {
  [cause]: SocketError: other side closed
      at Socket.onHttpSocketEnd (node:internal/deps/undici/undici:7611:26)
      at Socket.emit (node:events:520:35)
      at endReadableNT (node:internal/streams/readable:1701:12)
      at process.processTicksAndRejections (node:internal/process/task_queues:89:21) {
    code: 'UND_ERR_SOCKET',
    socket: {
      localAddress: '::1',
      localPort: 62892,
      remoteAddress: '::1',
      remotePort: 3000,
      remoteFamily: 'IPv6',
      timeout: undefined,
      bytesWritten: 609,
      bytesRead: 0
    }
  }
}
[externalAccess] failed to resolve context: fetch failed
GET /api/notifications/my error: TypeError: fetch failed
    at node:internal/deps/undici/undici:16416:13
    at async d:\GECOM\GECOM_NODE\GECOM_NODE\gecom-node\routes\notificationsApi.js:32:22 {
  [cause]: SocketError: other side closed
      at Socket.onHttpSocketEnd (node:internal/deps/undici/undici:7611:26)
      at Socket.emit (node:events:520:35)
      at endReadableNT (node:internal/streams/readable:1701:12)
      at process.processTicksAndRejections (node:internal/process/task_queues:89:21) {
    code: 'UND_ERR_SOCKET',
    socket: {
      localAddress: '::1',
      localPort: 62894,
      remoteAddress: '::1',
      remotePort: 3000,
      remoteFamily: 'IPv6',
      timeout: undefined,
      bytesWritten: 614,
      bytesRead: 0
    }
  }
}
GET /api/currencies error: TypeError: fetch failed
    at node:internal/deps/undici/undici:16416:13
    at async d:\GECOM\GECOM_NODE\GECOM_NODE\gecom-node\routes\currenciesApi.js:42:22 {
  [cause]: SocketError: other side closed
      at Socket.onHttpSocketEnd (node:internal/deps/undici/undici:7611:26)
      at Socket.emit (node:events:520:35)
      at endReadableNT (node:internal/streams/readable:1701:12)
      at process.processTicksAndRejections (node:internal/process/task_queues:89:21) {
    code: 'UND_ERR_SOCKET',
    socket: {
      localAddress: '::1',
      localPort: 50461,
      remoteAddress: '::1',
      remotePort: 3000,
      remoteFamily: 'IPv6',
      timeout: undefined,
      bytesWritten: 208,
      bytesRead: 0
    }
  }
}
GET /api/me/access error: TypeError: fetch failed
    at node:internal/deps/undici/undici:16416:13
    at async d:\GECOM\GECOM_NODE\GECOM_NODE\gecom-node\routes\usersApi.js:410:22 {
  [cause]: SocketError: other side closed
      at Socket.onHttpSocketEnd (node:internal/deps/undici/undici:7611:26)
      at Socket.emit (node:events:520:35)
      at endReadableNT (node:internal/streams/readable:1701:12)
      at process.processTicksAndRejections (node:internal/process/task_queues:89:21) {
    code: 'UND_ERR_SOCKET',
    socket: {
      localAddress: '::1',
      localPort: 65303,
      remoteAddress: '::1',
      remotePort: 3000,
      remoteFamily: 'IPv6',
      timeout: undefined,
      bytesWritten: 195,
      bytesRead: 0
    }
  }
}
GET /api/me/access error: TypeError: fetch failed
    at node:internal/deps/undici/undici:16416:13
    at async d:\GECOM\GECOM_NODE\GECOM_NODE\gecom-node\routes\usersApi.js:410:22 {
  [cause]: SocketError: other side closed
      at Socket.onHttpSocketEnd (node:internal/deps/undici/undici:7611:26)
      at Socket.emit (node:events:520:35)
      at endReadableNT (node:internal/streams/readable:1701:12)
      at process.processTicksAndRejections (node:internal/process/task_queues:89:21) {
    code: 'UND_ERR_SOCKET',
    socket: {
      localAddress: '::1',
      localPort: 65304,
      remoteAddress: '::1',
      remotePort: 3000,
      remoteFamily: 'IPv6',
      timeout: undefined,
      bytesWritten: 195,
      bytesRead: 0
    }
  }
}
GET /api/admin/theme proxy error: TypeError: fetch failed
    at node:internal/deps/undici/undici:16416:13
    at async proxyAdmin (d:\GECOM\GECOM_NODE\GECOM_NODE\gecom-node\routes\adminApi.js:36:22) {
  [cause]: SocketError: other side closed
      at Socket.onHttpSocketEnd (node:internal/deps/undici/undici:7611:26)
      at Socket.emit (node:events:520:35)
      at endReadableNT (node:internal/streams/readable:1701:12)
      at process.processTicksAndRejections (node:internal/process/task_queues:89:21) {
    code: 'UND_ERR_SOCKET',
    socket: {
      localAddress: '::1',
      localPort: 65305,
      remoteAddress: '::1',
      remotePort: 3000,
      remoteFamily: 'IPv6',
      timeout: undefined,
      bytesWritten: 197,
      bytesRead: 0
    }
  }
}
GET /api/admin/menu proxy error: TypeError: fetch failed
    at node:internal/deps/undici/undici:16416:13
    at async proxyAdmin (d:\GECOM\GECOM_NODE\GECOM_NODE\gecom-node\routes\adminApi.js:36:22) {
  [cause]: SocketError: other side closed
      at Socket.onHttpSocketEnd (node:internal/deps/undici/undici:7611:26)
      at Socket.emit (node:events:520:35)
      at endReadableNT (node:internal/streams/readable:1701:12)
      at process.processTicksAndRejections (node:internal/process/task_queues:89:21) {
    code: 'UND_ERR_SOCKET',
    socket: {
      localAddress: '::1',
      localPort: 65306,
      remoteAddress: '::1',
      remotePort: 3000,
      remoteFamily: 'IPv6',
      timeout: undefined,
      bytesWritten: 196,
      bytesRead: 0
    }
  }
}
AxiosError: socket hang up
    at AxiosError.from (d:\GECOM\GECOM_NODE\GECOM_NODE\gecom-node\node_modules\axios\dist\node\axios.cjs:914:14)
    at RedirectableRequest.handleRequestError (d:\GECOM\GECOM_NODE\GECOM_NODE\gecom-node\node_modules\axios\dist\node\axios.cjs:3515:25)
    at RedirectableRequest.emit (node:events:520:35)
    at eventHandlers.<computed> (d:\GECOM\GECOM_NODE\GECOM_NODE\gecom-node\node_modules\follow-redirects\index.js:49:24)
    at ClientRequest.emit (node:events:508:28)
    at emitErrorEvent (node:_http_client:108:11)
    at Socket.socketOnEnd (node:_http_client:599:5)
    at Socket.emit (node:events:520:35)
    at endReadableNT (node:internal/streams/readable:1701:12)
    at process.processTicksAndRejections (node:internal/process/task_queues:89:21)
    at Axios.request (d:\GECOM\GECOM_NODE\GECOM_NODE\gecom-node\node_modules\axios\dist\node\axios.cjs:4731:41)
    at process.processTicksAndRejections (node:internal/process/task_queues:103:5)
    at async d:\GECOM\GECOM_NODE\GECOM_NODE\gecom-node\services\apiProxy.js:123:27 {
  code: 'ECONNRESET',
  config: {
    transitional: {
      silentJSONParsing: true,
      forcedJSONParsing: true,
      clarifyTimeoutError: false
    },
    adapter: [ 'xhr', 'http', 'fetch' ],
    transformRequest: [ [Function: transformRequest] ],
    transformResponse: [ [Function: transformResponse] ],
    timeout: 10000,
    xsrfCookieName: 'XSRF-TOKEN',
    xsrfHeaderName: 'X-XSRF-TOKEN',
    maxContentLength: -1,
    maxBodyLength: -1,
    env: { FormData: [Function], Blob: [class Blob] },
    validateStatus: [Function: validateStatus],
    headers: Object [AxiosHeaders] {
      Accept: 'application/json, text/plain, */*',
      'Content-Type': 'application/json',
      Cookie: 'gecom_lang=pt-BR; refresh_token=eyJhbGciOiJIUzI1NiIsInR5cCI6IkpXVCJ9.eyJzdWIiOiJmNzBkMmUwMS05NzIwLTRhYjctYmE2Zi05ZmE5MTRjMDIxYzIiLCJlbWFpbCI6ImdnaGVyYXJkaTk3QGdtYWlsLmNvbSIsInJvbGUiOiJBRE1JTiIsInRlbmFudF9pZCI6IjQ3NTkxY2I0LTgzZTUtNDgyMy1iZWY3LThjYWY0MzFhZmJjMyIsImNvbXBhbnlfaWQiOiJkMDg4M2MyZS00OTc0LTRiNzEtYmRmNC1hMzUyODEwOTc2OWIiLCJpYXQiOjE3NzQyNzc4ODgsImV4cCI6MTc3NDg4MjY4OH0.H-LmBMu28M24MCkfa63TshgU2tSoubiny0PBPatq5E4',
      'User-Agent': 'axios/1.13.2',
      'Accept-Encoding': 'gzip, compress, deflate, br'
    },
    baseURL: 'http://localhost:3000/api',
    withCredentials: true,
    method: 'get',
    url: '/me/modules',
    params: {},
    allowAbsoluteUrls: true,
    data: undefined
  },
  request: <ref *1> Writable {
    _events: {
      close: undefined,
      error: [Function: handleRequestError],
      prefinish: undefined,
      finish: undefined,
      drain: undefined,
      response: [Function: handleResponse],
      socket: [Array],
      timeout: undefined,
      abort: undefined
    },
    _writableState: WritableState {
      highWaterMark: 16384,
      length: 0,
      corked: 0,
      onwrite: [Function: bound onwrite],
      writelen: 0,
      bufferedIndex: 0,
      pendingcb: 0,
      Symbol(kState): 17580812,
      Symbol(kBufferedValue): null
    },
    _maxListeners: undefined,
    _options: {
      maxRedirects: 21,
      maxBodyLength: Infinity,
      protocol: 'http:',
      path: '/api/me/modules',
      method: 'GET',
      headers: [Object: null prototype],
      agents: [Object],
      auth: undefined,
      family: undefined,
      beforeRedirect: [Function: dispatchBeforeRedirect],
      beforeRedirects: [Object],
      http2Options: undefined,
      hostname: 'localhost',
      port: '3000',
      agent: undefined,
      nativeProtocols: [Object],
      pathname: '/api/me/modules'
    },
    _ended: true,
    _ending: true,
    _redirectCount: 0,
    _redirects: [],
    _requestBodyLength: 0,
    _requestBodyBuffers: [],
    _eventsCount: 3,
    _onNativeResponse: [Function (anonymous)],
    _currentRequest: ClientRequest {
      _events: [Object: null prototype],
      _eventsCount: 7,
      _maxListeners: undefined,
      outputData: [],
      outputSize: 0,
      writable: true,
      destroyed: false,
      _last: true,
      chunkedEncoding: false,
      shouldKeepAlive: true,
      maxRequestsOnConnectionReached: false,
      _defaultKeepAlive: true,
      useChunkedEncodingByDefault: false,
      sendDate: false,
      _removedConnection: false,
      _removedContLen: false,
      _removedTE: false,
      strictContentLength: false,
      _contentLength: 0,
      _hasBody: true,
      _trailer: '',
      finished: true,
      _headerSent: true,
      _closed: false,
      _header: 'GET /api/me/modules HTTP/1.1\r\n' +
        'Accept: application/json, text/plain, */*\r\n' +
        'Content-Type: application/json\r\n' +
        'Cookie: gecom_lang=pt-BR; refresh_token=eyJhbGciOiJIUzI1NiIsInR5cCI6IkpXVCJ9.eyJzdWIiOiJmNzBkMmUwMS05NzIwLTRhYjctYmE2Zi05ZmE5MTRjMDIxYzIiLCJlbWFpbCI6ImdnaGVyYXJkaTk3QGdtYWlsLmNvbSIsInJvbGUiOiJBRE1JTiIsInRlbmFudF9pZCI6IjQ3NTkxY2I0LTgzZTUtNDgyMy1iZWY3LThjYWY0MzFhZmJjMyIsImNvbXBhbnlfaWQiOiJkMDg4M2MyZS00OTc0LTRiNzEtYmRmNC1hMzUyODEwOTc2OWIiLCJpYXQiOjE3NzQyNzc4ODgsImV4cCI6MTc3NDg4MjY4OH0.H-LmBMu28M24MCkfa63TshgU2tSoubiny0PBPatq5E4\r\n' +
        'User-Agent: axios/1.13.2\r\n' +
        'Accept-Encoding: gzip, compress, deflate, br\r\n' +
        'Host: localhost:3000\r\n' +
        'Connection: keep-alive\r\n' +
        '\r\n',
      _keepAliveTimeout: 0,
      _onPendingData: [Function: nop],
      agent: [Agent],
      socketPath: undefined,
      method: 'GET',
      maxHeaderSize: undefined,
      insecureHTTPParser: undefined,
      joinDuplicateHeaders: undefined,
      path: '/api/me/modules',
      _ended: false,
      res: null,
      aborted: false,
      timeoutCb: [Function: emitRequestTimeout],
      upgradeOrConnect: false,
      parser: null,
      maxHeadersCount: null,
      reusedSocket: false,
      host: 'localhost',
      protocol: 'http:',
      _redirectable: [Circular *1],
      Symbol(shapeMode): false,
      Symbol(kCapture): false,
      Symbol(kBytesWritten): 0,
      Symbol(kNeedDrain): false,
      Symbol(corked): 0,
      Symbol(kChunkedBuffer): [],
      Symbol(kChunkedLength): 0,
      Symbol(kSocket): [Socket],
      Symbol(kOutHeaders): [Object: null prototype],
      Symbol(errored): null,
      Symbol(kHighWaterMark): 16384,
      Symbol(kRejectNonStandardBodyWrites): false,
      Symbol(kUniqueHeaders): null
    },
    _currentUrl: 'http://localhost:3000/api/me/modules',
    _timeout: null,
    Symbol(shapeMode): true,
    Symbol(kCapture): false
  },
  [cause]: Error: socket hang up
      at Socket.socketOnEnd (node:_http_client:599:25)
      at Socket.emit (node:events:520:35)
      at endReadableNT (node:internal/streams/readable:1701:12)
      at process.processTicksAndRejections (node:internal/process/task_queues:89:21) {
    code: 'ECONNRESET'
  }
}
GET /api/notifications/admin error: TypeError: fetch failed
    at node:internal/deps/undici/undici:16416:13
    at async d:\GECOM\GECOM_NODE\GECOM_NODE\gecom-node\routes\notificationsApi.js:73:22 {
  [cause]: SocketError: other side closed
      at Socket.onHttpSocketEnd (node:internal/deps/undici/undici:7611:26)
      at Socket.emit (node:events:520:35)
      at endReadableNT (node:internal/streams/readable:1701:12)
      at process.processTicksAndRejections (node:internal/process/task_queues:89:21) {
    code: 'UND_ERR_SOCKET',
    socket: {
      localAddress: '::1',
      localPort: 65307,
      remoteAddress: '::1',
      remotePort: 3000,
      remoteFamily: 'IPv6',
      timeout: undefined,
      bytesWritten: 289,
      bytesRead: 0
    }
  }
}
GET /api/users/:id/profile-picture error: TypeError: fetch failed
    at node:internal/deps/undici/undici:16416:13
    at async d:\GECOM\GECOM_NODE\GECOM_NODE\gecom-node\routes\usersApi.js:444:22 {
  [cause]: SocketError: other side closed
      at Socket.onHttpSocketEnd (node:internal/deps/undici/undici:7611:26)
      at Socket.emit (node:events:520:35)
      at endReadableNT (node:internal/streams/readable:1701:12)
      at process.processTicksAndRejections (node:internal/process/task_queues:89:21) {
    code: 'UND_ERR_SOCKET',
    socket: {
      localAddress: '::1',
      localPort: 65309,
      remoteAddress: '::1',
      remotePort: 3000,
      remoteFamily: 'IPv6',
      timeout: undefined,
      bytesWritten: 210,
      bytesRead: 0
    }
  }
}
GET /api/notifications/my error: TypeError: fetch failed
    at node:internal/deps/undici/undici:16416:13
    at async d:\GECOM\GECOM_NODE\GECOM_NODE\gecom-node\routes\notificationsApi.js:32:22 {
  [cause]: SocketError: other side closed
      at Socket.onHttpSocketEnd (node:internal/deps/undici/undici:7611:26)
      at Socket.emit (node:events:520:35)
      at endReadableNT (node:internal/streams/readable:1701:12)
      at process.processTicksAndRejections (node:internal/process/task_queues:89:21) {
    code: 'UND_ERR_SOCKET',
    socket: {
      localAddress: '::1',
      localPort: 65310,
      remoteAddress: '::1',
      remotePort: 3000,
      remoteFamily: 'IPv6',
      timeout: undefined,
      bytesWritten: 202,
      bytesRead: 0
    }
  }
}
GET /api/currencies error: TypeError: fetch failed
    at node:internal/deps/undici/undici:16416:13
    at async d:\GECOM\GECOM_NODE\GECOM_NODE\gecom-node\routes\currenciesApi.js:42:22 {
  [cause]: SocketError: other side closed
      at Socket.onHttpSocketEnd (node:internal/deps/undici/undici:7611:26)
      at Socket.emit (node:events:520:35)
      at endReadableNT (node:internal/streams/readable:1701:12)
      at process.processTicksAndRejections (node:internal/process/task_queues:89:21) {
    code: 'UND_ERR_SOCKET',
    socket: {
      localAddress: '::1',
      localPort: 53318,
      remoteAddress: '::1',
      remotePort: 3000,
      remoteFamily: 'IPv6',
      timeout: undefined,
      bytesWritten: 208,
      bytesRead: 0
    }
  }
}
